------------------------------------------------------------
Timing Analyzer Summary
------------------------------------------------------------

Type  : Slow 1200mV 85C Model Setup 'clk_50MHz'
Slack : 9.355
TNS   : 0.000

Type  : Slow 1200mV 85C Model Hold 'clk_50MHz'
Slack : 0.425
TNS   : 0.000

Type  : Slow 1200mV 85C Model Minimum Pulse Width 'clk_50MHz'
Slack : 9.740
TNS   : 0.000

Type  : Slow 1200mV 85C Model Minimum Pulse Width 'clk_10Hz'
Slack : 9.749
TNS   : 0.000

Type  : Slow 1200mV 85C Model Minimum Pulse Width 'clock_50'
Slack : 9.820
TNS   : 0.000

Type  : Slow 1200mV 0C Model Setup 'clk_50MHz'
Slack : 9.371
TNS   : 0.000

Type  : Slow 1200mV 0C Model Hold 'clk_50MHz'
Slack : 0.349
TNS   : 0.000

Type  : Slow 1200mV 0C Model Minimum Pulse Width 'clk_50MHz'
Slack : 9.717
TNS   : 0.000

Type  : Slow 1200mV 0C Model Minimum Pulse Width 'clk_10Hz'
Slack : 9.772
TNS   : 0.000

Type  : Slow 1200mV 0C Model Minimum Pulse Width 'clock_50'
Slack : 9.830
TNS   : 0.000

Type  : Fast 1200mV 0C Model Setup 'clk_50MHz'
Slack : 9.727
TNS   : 0.000

Type  : Fast 1200mV 0C Model Hold 'clk_50MHz'
Slack : 0.191
TNS   : 0.000

Type  : Fast 1200mV 0C Model Minimum Pulse Width 'clock_50'
Slack : 9.530
TNS   : 0.000

Type  : Fast 1200mV 0C Model Minimum Pulse Width 'clk_10Hz'
Slack : 9.728
TNS   : 0.000

Type  : Fast 1200mV 0C Model Minimum Pulse Width 'clk_50MHz'
Slack : 9.804
TNS   : 0.000

------------------------------------------------------------
